2026-07-25 01:31:49 [INFO] __main__: Log file: logs/scrape_20260725_013149.log
2026-07-25 01:31:49 [INFO] __main__: Starting scrape run...
2026-07-25 01:31:49 [INFO] __main__: Cleaning up log files older than 5 days...
2026-07-25 01:31:49 [INFO] __main__: Deleted old log file: scrape_20260720_013128.log
2026-07-25 01:31:49 [INFO] __main__: Deleted old log file: scrape_20260719_013135.log
2026-07-25 01:31:49 [INFO] storage.db: Connected to database: jobs.db
2026-07-25 01:31:49 [INFO] core.browser: Browser launched (headless=True)
2026-07-25 01:31:49 [INFO] core.orchestrator: 
============================================================
2026-07-25 01:31:49 [INFO] core.orchestrator: Scraping portal: microsoft
2026-07-25 01:31:49 [INFO] core.orchestrator: ============================================================
2026-07-25 01:31:49 [INFO] portals.loader: Loaded portal-specific config from /home/runner/work/JobScraper/JobScraper/portals/microsoft/config.yaml
2026-07-25 01:31:49 [INFO] portals.loader: Loaded portal plugin: microsoft
2026-07-25 01:31:49 [INFO] core.browser: No saved session found for 'microsoft', starting fresh
2026-07-25 01:31:49 [INFO] core.orchestrator: Portal 'microsoft' does not require auth.
2026-07-25 01:31:49 [INFO] portals.microsoft.search: Prepared search URL for 'Software Engineer 2' in 'Bangalore': https://microsoft.eightfold.ai/careers?domain=microsoft.com&query=Software+Engineer+2&location=Bangalore&sort_by=timestamp
2026-07-25 01:31:49 [INFO] portals.microsoft.search: Prepared search URL for 'Software Engineer II' in 'Bangalore': https://microsoft.eightfold.ai/careers?domain=microsoft.com&query=Software+Engineer+II&location=Bangalore&sort_by=timestamp
2026-07-25 01:31:49 [INFO] portals.microsoft.search: Navigating to: https://microsoft.eightfold.ai/careers?domain=microsoft.com&query=Software+Engineer+2&location=Bangalore&sort_by=timestamp
2026-07-25 01:31:52 [INFO] portals.microsoft.search: Job cards loaded successfully
2026-07-25 01:31:52 [INFO] portals.microsoft.scrape: Scraping page 1...
2026-07-25 01:31:52 [INFO] portals.microsoft.scrape: Found 10 job cards on current page
2026-07-25 01:31:52 [INFO] portals.microsoft.scrape: Scraping page 2...
2026-07-25 01:31:53 [INFO] portals.microsoft.scrape: Found 20 job cards on current page
2026-07-25 01:31:53 [INFO] portals.microsoft.scrape: Scraping page 3...
2026-07-25 01:31:54 [INFO] portals.microsoft.scrape: Found 20 job cards on current page
2026-07-25 01:31:54 [INFO] portals.microsoft.scrape: Found 1 jobs older than 7 days. Stopping pagination.
2026-07-25 01:31:54 [INFO] portals.microsoft.scrape: Total jobs scraped from microsoft: 29
2026-07-25 01:31:54 [INFO] portals.microsoft.search: Navigating to: https://microsoft.eightfold.ai/careers?domain=microsoft.com&query=Software+Engineer+II&location=Bangalore&sort_by=timestamp
2026-07-25 01:31:56 [INFO] portals.microsoft.search: Job cards loaded successfully
2026-07-25 01:31:56 [INFO] portals.microsoft.scrape: Scraping page 1...
2026-07-25 01:31:56 [INFO] portals.microsoft.scrape: Found 20 job cards on current page
2026-07-25 01:31:57 [INFO] portals.microsoft.scrape: Scraping page 2...
2026-07-25 01:31:57 [INFO] portals.microsoft.scrape: Found 20 job cards on current page
2026-07-25 01:31:58 [INFO] portals.microsoft.scrape: Scraping page 3...
2026-07-25 01:31:58 [INFO] portals.microsoft.scrape: Found 20 job cards on current page
2026-07-25 01:31:58 [INFO] portals.microsoft.scrape: Found 7 jobs older than 7 days. Stopping pagination.
2026-07-25 01:31:58 [INFO] portals.microsoft.scrape: Total jobs scraped from microsoft: 23
2026-07-25 01:31:58 [INFO] core.orchestrator: Scraped 29 jobs from 'microsoft'
2026-07-25 01:31:58 [INFO] core.orchestrator: After title filtering: 4 jobs (from 29 scraped)
2026-07-25 01:31:58 [INFO] core.orchestrator: New jobs (not previously seen): 1 (out of 4 filtered)
2026-07-25 01:31:59 [INFO] storage.db: Marked 1 jobs as seen
2026-07-25 01:31:59 [INFO] core.browser: Browser closed
2026-07-25 01:31:59 [INFO] core.browser: Playwright stopped
2026-07-25 01:31:59 [INFO] storage.db: Database connection closed
2026-07-25 01:31:59 [INFO] core.orchestrator: 
============================================================
2026-07-25 01:31:59 [INFO] core.orchestrator: SCRAPE COMPLETE
2026-07-25 01:31:59 [INFO] core.orchestrator: ============================================================
2026-07-25 01:31:59 [INFO] core.orchestrator: Total new jobs found: 1
2026-07-25 01:31:59 [INFO] core.orchestrator: Database stats: {'microsoft': 30, '_total': 30}
2026-07-25 01:32:00 [INFO] notifier.email_sender: Email sent to ['prathameshbonde32@gmail.com']
2026-07-25 01:32:00 [INFO] __main__: 
Found 1 new jobs:
2026-07-25 01:32:00 [INFO] __main__:   → [microsoft] Software Engineer 2 | India, Karnataka, Bangalore + 1 more | Posted: Jul 24, 2026
